
> app@0.1.0 build
> next build

  Γû▓ Next.js 14.2.33

   Creating an optimized production build ...
 Γ£ô Compiled successfully
   Linting and checking validity of types ...
   Collecting page data ...
   Generating static pages (0/6) ...
   Generating static pages (1/6) 
   Generating static pages (2/6) 
   Generating static pages (4/6) 
node.exe : 
TypeError: Cannot 
read properties of 
undefined (reading 
'S')
At C:\Program Files\
nodejs\npm.ps1:29 
char:3
+   & $NODE_EXE 
$NPM_CLI_JS $args
+   ~~~~~~~~~~~~~~~~
~~~~~~~~~~~~~
    + CategoryInfo  
            : NotS  
  pecified: (Type   
 Error: Cann...d    
 (reading 'S'):    
String) [], Rem    
oteException
    + FullyQualifie 
   dErrorId : Nati  
  veCommandError
 
    at e.exports (C:
\Users\mordh\Downloa
ds\sida\sidaz-main\.
next\server\chunks\6
57.js:2:112501)
    at C:\Users\mord
h\Downloads\sida\sid
az-main\.next\server
\chunks\657.js:1:183
98
    at 7484 (C:\User
s\mordh\Downloads\si
da\sidaz-main\.next\
server\chunks\657.js
:1:18434)
    at t (C:\Users\m
ordh\Downloads\sida\
sidaz-main\.next\ser
ver\webpack-runtime.
js:1:127)
    at 2710 (C:\User
s\mordh\Downloads\si
da\sidaz-main\.next\
server\chunks\657.js
:1:34877)
    at t (C:\Users\m
ordh\Downloads\sida\
sidaz-main\.next\ser
ver\webpack-runtime.
js:1:127)
    at 501 (C:\Users
\mordh\Downloads\sid
a\sidaz-main\.next\s
erver\chunks\977.js:
1:1630)
    at Object.t [as 
require] (C:\Users\m
ordh\Downloads\sida\
sidaz-main\.next\ser
ver\webpack-runtime.
js:1:127)
    at require (C:\U
sers\mordh\Downloads
\sida\sidaz-main\nod
e_modules\next\dist\
compiled\next-server
\app-page.runtime.pr
od.js:16:18839)
    at I (C:\Users\m
ordh\Downloads\sida\
sidaz-main\node_modu
les\next\dist\compil
ed\next-server\app-p
age.runtime.prod.js:
12:94364) {
  digest: 
'1268071090'
}

Error occurred 
prerendering page 
"/_not-found". Read 
more: https://nextjs
.org/docs/messages/p
rerender-error

TypeError: Cannot 
read properties of 
undefined (reading 
'S')
    at e.exports (C:
\Users\mordh\Downloa
ds\sida\sidaz-main\.
next\server\chunks\6
57.js:2:112501)
    at C:\Users\mord
h\Downloads\sida\sid
az-main\.next\server
\chunks\657.js:1:183
98
    at 7484 (C:\User
s\mordh\Downloads\si
da\sidaz-main\.next\
server\chunks\657.js
:1:18434)
    at t (C:\Users\m
ordh\Downloads\sida\
sidaz-main\.next\ser
ver\webpack-runtime.
js:1:127)
    at 2710 (C:\User
s\mordh\Downloads\si
da\sidaz-main\.next\
server\chunks\657.js
:1:34877)
    at t (C:\Users\m
ordh\Downloads\sida\
sidaz-main\.next\ser
ver\webpack-runtime.
js:1:127)
    at 501 (C:\Users
\mordh\Downloads\sid
a\sidaz-main\.next\s
erver\chunks\977.js:
1:1630)
    at Object.t [as 
require] (C:\Users\m
ordh\Downloads\sida\
sidaz-main\.next\ser
ver\webpack-runtime.
js:1:127)
    at require (C:\U
sers\mordh\Downloads
\sida\sidaz-main\nod
e_modules\next\dist\
compiled\next-server
\app-page.runtime.pr
od.js:16:18839)
    at I (C:\Users\m
ordh\Downloads\sida\
sidaz-main\node_modu
les\next\dist\compil
ed\next-server\app-p
age.runtime.prod.js:
12:94364)
TypeError: Cannot 
read properties of 
undefined (reading 
'S')
    at e.exports (C:
\Users\mordh\Downloa
ds\sida\sidaz-main\.
next\server\chunks\6
57.js:2:112501)
    at C:\Users\mord
h\Downloads\sida\sid
az-main\.next\server
\chunks\657.js:1:183
98
    at 7484 (C:\User
s\mordh\Downloads\si
da\sidaz-main\.next\
server\chunks\657.js
:1:18434)
    at t (C:\Users\m
ordh\Downloads\sida\
sidaz-main\.next\ser
ver\webpack-runtime.
js:1:127)
    at 6515 (C:\User
s\mordh\Downloads\si
da\sidaz-main\.next\
server\app\page.js:1
9:6784)
    at Object.t [as 
require] (C:\Users\m
ordh\Downloads\sida\
sidaz-main\.next\ser
ver\webpack-runtime.
js:1:127)
    at require (C:\U
sers\mordh\Downloads
\sida\sidaz-main\nod
e_modules\next\dist\
compiled\next-server
\app-page.runtime.pr
od.js:16:18839)
    at i (C:\Users\m
ordh\Downloads\sida\
sidaz-main\node_modu
les\next\dist\compil
ed\next-server\app-p
age.runtime.prod.js:
12:88296)
    at C:\Users\mord
h\Downloads\sida\sid
az-main\node_modules
\next\dist\compiled\
next-server\app-page
.runtime.prod.js:12:
98819
    at C:\Users\mord
h\Downloads\sida\sid
az-main\node_modules
\next\dist\compiled\
next-server\app-page
.runtime.prod.js:12:
98906 {
  digest: 
'220720991'
}

Error occurred 
prerendering page 
"/". Read more: http
s://nextjs.org/docs/
messages/prerender-e
rror

TypeError: Cannot 
read properties of 
undefined (reading 
'S')
    at e.exports (C:
\Users\mordh\Downloa
ds\sida\sidaz-main\.
next\server\chunks\6
57.js:2:112501)
    at C:\Users\mord
h\Downloads\sida\sid
az-main\.next\server
\chunks\657.js:1:183
98
    at 7484 (C:\User
s\mordh\Downloads\si
da\sidaz-main\.next\
server\chunks\657.js
:1:18434)
    at t (C:\Users\m
ordh\Downloads\sida\
sidaz-main\.next\ser
ver\webpack-runtime.
js:1:127)
    at 6515 (C:\User
s\mordh\Downloads\si
da\sidaz-main\.next\
server\app\page.js:1
9:6784)
    at Object.t [as 
require] (C:\Users\m
ordh\Downloads\sida\
sidaz-main\.next\ser
ver\webpack-runtime.
js:1:127)
    at require (C:\U
sers\mordh\Downloads
\sida\sidaz-main\nod
e_modules\next\dist\
compiled\next-server
\app-page.runtime.pr
od.js:16:18839)
    at i (C:\Users\m
ordh\Downloads\sida\
sidaz-main\node_modu
les\next\dist\compil
ed\next-server\app-p
age.runtime.prod.js:
12:88296)
    at C:\Users\mord
h\Downloads\sida\sid
az-main\node_modules
\next\dist\compiled\
next-server\app-page
.runtime.prod.js:12:
98819
    at C:\Users\mord
h\Downloads\sida\sid
az-main\node_modules
\next\dist\compiled\
next-server\app-page
.runtime.prod.js:12:
98906
 Γ£ô Generating static pages (6/6)

> Export 
encountered errors 
on following paths:
	/_not-found/page: 
/_not-found
	/page: /
