
> app@0.1.0 build
> next build

   Γû▓ Next.js 15.3.5

   Creating an optimized production build ...
node.exe : [Error: 
Cannot apply unknown 
utility class 
`border-border`]
At C:\Program Files\n
odejs\npm.ps1:29 
char:3
+   & $NODE_EXE 
$NPM_CLI_JS $args
+   ~~~~~~~~~~~~~~~~~
~~~~~~~~~~~~
    + CategoryInfo   
           : NotSpe  
  cified: ([Error:   
  Cannot ...borde    
r-border`]:Strin    
g) [], RemoteExc    
eption
    + FullyQualified 
   ErrorId : Native  
  CommandError
 
<w> [webpack.cache.Pa
ckFileCacheStrategy] 
Skipped not 
serializable cache 
item 'Compilation/mod
ules|C:\Users\mordh\D
ownloads\sida\sidaz-m
ain\node_modules\next
\dist\build\webpack\l
oaders\css-loader\src
\index.js??ruleSet[1]
.rules[13].oneOf[10].
use[2]!C:\Users\mordh
\Downloads\sida\sidaz
-main\node_modules\ne
xt\dist\build\webpack
\loaders\postcss-load
er\src\index.js??rule
Set[1].rules[13].oneO
f[10].use[3]!C:\Users
\mordh\Downloads\sida
\sidaz-main\src\app\g
lobals.css': No 
serializer 
registered for 
PostCSSSyntaxError
<w> while 
serializing webpack/l
ib/cache/PackFileCach
eStrategy.PackContent
Items -> webpack/lib/
NormalModule -> webpa
ck/lib/ModuleBuildErr
or -> 
PostCSSSyntaxError
Failed to compile.

./src/app/globals.css
:1:1
Syntax error: 
tailwindcss: C:\Users
\mordh\Downloads\sida
\sidaz-main\src\app\g
lobals.css Cannot 
apply unknown 
utility class 
`border-border`

[1m[31m>[39m[22m
[90m 1 | [39m[36m@i
mport[39m [32m"tail
windcss"[39m[33m;[
39m
 [90m   | [39m[1m
[31m^[39m[22m
 [90m 2 | [39m
 [90m 3 | [39m[36m
@layer[39m base 
[33m{[39m

./src/app/globals.css
Syntax error: 
tailwindcss: C:\Users
\mordh\Downloads\sida
\sidaz-main\src\app\g
lobals.css Cannot 
apply unknown 
utility class 
`text-foreground` 
(1:1)

[1m[31m>[39m[22m
[90m 1 | [39m[36m@i
mport[39m [32m"tail
windcss"[39m[33m;[
39m
 [90m   | [39m[1m
[31m^[39m[22m
 [90m 2 | [39m
 [90m 3 | [39m[36m
@layer[39m base 
[33m{[39m

    at 
tryRunOrWebpackError 
(C:\Users\mordh\Downl
oads\sida\sidaz-main\
node_modules\next\dis
t\compiled\webpack\bu
ndle5.js:29:316142)
    at __webpack_requ
ire_module__ (C:\User
s\mordh\Downloads\sid
a\sidaz-main\node_mod
ules\next\dist\compil
ed\webpack\bundle5.js
:29:131548)
    at __nested_webpa
ck_require_161494__ (
C:\Users\mordh\Downlo
ads\sida\sidaz-main\n
ode_modules\next\dist
\compiled\webpack\bun
dle5.js:29:130983)
    at C:\Users\mordh
\Downloads\sida\sidaz
-main\node_modules\ne
xt\dist\compiled\webp
ack\bundle5.js:29:131
840
    at 
symbolIterator (C:\Us
ers\mordh\Downloads\s
ida\sidaz-main\node_m
odules\next\dist\comp
iled\neo-async\async.
js:1:14444)
    at done (C:\Users
\mordh\Downloads\sida
\sidaz-main\node_modu
les\next\dist\compile
d\neo-async\async.js:
1:14824)
    at Hook.eval [as 
callAsync] (eval at 
create (C:\Users\mord
h\Downloads\sida\sida
z-main\node_modules\n
ext\dist\compiled\web
pack\bundle5.js:14:92
24), 
<anonymous>:15:1)
    at Hook.CALL_ASYN
C_DELEGATE [as 
_callAsync] (C:\Users
\mordh\Downloads\sida
\sidaz-main\node_modu
les\next\dist\compile
d\webpack\bundle5.js:
14:6378)
    at C:\Users\mordh
\Downloads\sida\sidaz
-main\node_modules\ne
xt\dist\compiled\webp
ack\bundle5.js:29:130
703
    at 
symbolIterator (C:\Us
ers\mordh\Downloads\s
ida\sidaz-main\node_m
odules\next\dist\comp
iled\neo-async\async.
js:1:14402)
-- inner error --
Syntax error: 
tailwindcss: C:\Users
\mordh\Downloads\sida
\sidaz-main\src\app\g
lobals.css Cannot 
apply unknown 
utility class 
`text-foreground` 
(1:1)

[1m[31m>[39m[22m
[90m 1 | [39m[36m@i
mport[39m [32m"tail
windcss"[39m[33m;[
39m
 [90m   | [39m[1m
[31m^[39m[22m
 [90m 2 | [39m
 [90m 3 | [39m[36m
@layer[39m base 
[33m{[39m

    at 
Object.<anonymous> (C
:\Users\mordh\Downloa
ds\sida\sidaz-main\no
de_modules\next\dist\
build\webpack\loaders
\css-loader\src\index
.js??ruleSet[1].rules
[13].oneOf[10].use[2]
!C:\Users\mordh\Downl
oads\sida\sidaz-main\
node_modules\next\dis
t\build\webpack\loade
rs\postcss-loader\src
\index.js??ruleSet[1]
.rules[13].oneOf[10].
use[3]!C:\Users\mordh
\Downloads\sida\sidaz
-main\src\app\globals
.css:1:7)
    at C:\Users\mordh
\Downloads\sida\sidaz
-main\node_modules\ne
xt\dist\compiled\webp
ack\bundle5.js:29:962
742
    at Hook.eval [as 
call] (eval at 
create (C:\Users\mord
h\Downloads\sida\sida
z-main\node_modules\n
ext\dist\compiled\web
pack\bundle5.js:14:90
02), <anonymous>:7:1)
    at 
Hook.CALL_DELEGATE 
[as _call] (C:\Users\
mordh\Downloads\sida\
sidaz-main\node_modul
es\next\dist\compiled
\webpack\bundle5.js:1
4:6272)
    at C:\Users\mordh
\Downloads\sida\sidaz
-main\node_modules\ne
xt\dist\compiled\webp
ack\bundle5.js:29:131
581
    at 
tryRunOrWebpackError 
(C:\Users\mordh\Downl
oads\sida\sidaz-main\
node_modules\next\dis
t\compiled\webpack\bu
ndle5.js:29:316096)
    at __webpack_requ
ire_module__ (C:\User
s\mordh\Downloads\sid
a\sidaz-main\node_mod
ules\next\dist\compil
ed\webpack\bundle5.js
:29:131548)
    at __nested_webpa
ck_require_161494__ (
C:\Users\mordh\Downlo
ads\sida\sidaz-main\n
ode_modules\next\dist
\compiled\webpack\bun
dle5.js:29:130983)
    at C:\Users\mordh
\Downloads\sida\sidaz
-main\node_modules\ne
xt\dist\compiled\webp
ack\bundle5.js:29:131
840
    at 
symbolIterator (C:\Us
ers\mordh\Downloads\s
ida\sidaz-main\node_m
odules\next\dist\comp
iled\neo-async\async.
js:1:14444)

Generated code for C:
\Users\mordh\Download
s\sida\sidaz-main\nod
e_modules\next\dist\b
uild\webpack\loaders\
css-loader\src\index.
js??ruleSet[1].rules[
13].oneOf[10].use[2]!
C:\Users\mordh\Downlo
ads\sida\sidaz-main\n
ode_modules\next\dist
\build\webpack\loader
s\postcss-loader\src\
index.js??ruleSet[1].
rules[13].oneOf[10].u
se[3]!C:\Users\mordh\
Downloads\sida\sidaz-
main\src\app\globals.
css

Import trace for 
requested module:
./src/app/globals.css


> Build failed 
because of webpack 
errors
